
> rainer-portfolio-frontend@1.0.0 build
> next build

   Ôû▓ Next.js 15.3.4

   Creating an optimized production build ...
<w> [webpack.cache.PackFileCacheStrategy] Skipped not serializable cache item 'Compilation/modules|C:\Desenvolvimento\rainer-portfolio-frontend\node_modules\next\dist\build\webpack\loaders\css-loader\src\index.js??ruleSet[1].rules[13].oneOf[10].use[2]!C:\Desenvolvimento\rainer-portfolio-frontend\node_modules\next\dist\build\webpack\loaders\postcss-loader\src\index.js??ruleSet[1].rules[13].oneOf[10].use[3]!C:\Desenvolvimento\rainer-portfolio-frontend\app\globals.css': No serializer registered for Warning
<w> while serializing webpack/lib/cache/PackFileCacheStrategy.PackContentItems -> webpack/lib/NormalModule -> Array { 2 items } -> webpack/lib/ModuleWarning -> Warning
 ÔÜá Compiled with warnings in 16.0s

./app/globals.css.webpack[javascript/auto]!=!./node_modules/next/dist/build/webpack/loaders/css-loader/src/index.js??ruleSet[1].rules[13].oneOf[10].use[2]!./node_modules/next/dist/build/webpack/loaders/postcss-loader/src/index.js??ruleSet[1].rules[13].oneOf[10].use[3]!./app/globals.css
Warning

(2:83468) autoprefixer: Gradient has outdated direction syntax. New syntax is like `closest-side at 0 0` instead of `0 0, closest-side`.

Import trace for requested module:
./app/globals.css.webpack[javascript/auto]!=!./node_modules/next/dist/build/webpack/loaders/css-loader/src/index.js??ruleSet[1].rules[13].oneOf[10].use[2]!./node_modules/next/dist/build/webpack/loaders/postcss-loader/src/index.js??ruleSet[1].rules[13].oneOf[10].use[3]!./app/globals.css
./app/globals.css

./app/globals.css.webpack[javascript/auto]!=!./node_modules/next/dist/build/webpack/loaders/css-loader/src/index.js??ruleSet[1].rules[13].oneOf[10].use[2]!./node_modules/next/dist/build/webpack/loaders/postcss-loader/src/index.js??ruleSet[1].rules[13].oneOf[10].use[3]!./app/globals.css
Warning

(2:83523) autoprefixer: Gradient has outdated direction syntax. New syntax is like `closest-side at 0 0` instead of `0 0, closest-side`.

Import trace for requested module:
./app/globals.css.webpack[javascript/auto]!=!./node_modules/next/dist/build/webpack/loaders/css-loader/src/index.js??ruleSet[1].rules[13].oneOf[10].use[2]!./node_modules/next/dist/build/webpack/loaders/postcss-loader/src/index.js??ruleSet[1].rules[13].oneOf[10].use[3]!./app/globals.css
./app/globals.css

 Ô£ô Compiled successfully in 34.0s
   Linting and checking validity of types ...

Failed to compile.

./app/blog/[slug]/page.tsx
35:3  Error: 'Clock' is defined but never used.  @typescript-eslint/no-unused-vars
40:3  Error: 'Share2' is defined but never used.  @typescript-eslint/no-unused-vars
41:3  Error: 'Bookmark' is defined but never used.  @typescript-eslint/no-unused-vars

./app/dashboard/login/page.tsx
120:19  Error: Unexpected any. Specify a different type.  @typescript-eslint/no-explicit-any

./app/dashboard/page.tsx
27:12  Error: 'ImageIcon' is defined but never used.  @typescript-eslint/no-unused-vars

./app/not-found.tsx
21:3  Error: 'User' is defined but never used.  @typescript-eslint/no-unused-vars
21:9  Error: 'Bot' is defined but never used.  @typescript-eslint/no-unused-vars
21:14  Error: 'Rocket' is defined but never used.  @typescript-eslint/no-unused-vars
21:22  Error: 'Cat' is defined but never used.  @typescript-eslint/no-unused-vars
21:27  Error: 'Bird' is defined but never used.  @typescript-eslint/no-unused-vars
21:33  Error: 'Bug' is defined but never used.  @typescript-eslint/no-unused-vars
21:38  Error: 'Target' is defined but never used.  @typescript-eslint/no-unused-vars
21:46  Error: 'Angry' is defined but never used.  @typescript-eslint/no-unused-vars
21:53  Error: 'Smile' is defined but never used.  @typescript-eslint/no-unused-vars
21:60  Error: 'Frown' is defined but never used.  @typescript-eslint/no-unused-vars
403:11  Error: 'difficulty' is assigned a value but never used.  @typescript-eslint/no-unused-vars

./components/blog/comments/comment-item.tsx
124:14  Error: 'error' is defined but never used.  @typescript-eslint/no-unused-vars

./components/blog/social/reading-time.tsx
43:40  Error: Unexpected any. Specify a different type.  @typescript-eslint/no-explicit-any

./components/blog/social/share-button.tsx
74:14  Error: 'error' is defined but never used.  @typescript-eslint/no-unused-vars
88:23  Error: Unexpected any. Specify a different type.  @typescript-eslint/no-explicit-any
99:11  Error: 'encodedDescription' is assigned a value but never used.  @typescript-eslint/no-unused-vars

./components/dashboard/charts/views-chart.tsx
13:16  Error: 'TabsContent' is defined but never used.  @typescript-eslint/no-unused-vars
72:69  Error: Unexpected any. Specify a different type.  @typescript-eslint/no-explicit-any

./components/dashboard/Editor.tsx
59:3  Error: 'Check' is defined but never used.  @typescript-eslint/no-unused-vars
100:31  Error: Unexpected any. Specify a different type.  @typescript-eslint/no-explicit-any
154:49  Error: Unexpected any. Specify a different type.  @typescript-eslint/no-explicit-any
170:6  Warning: React Hook useEffect has a missing dependency: 'editor'. Either include it or remove the dependency array.  react-hooks/exhaustive-deps
224:11  Error: Unexpected any. Specify a different type.  @typescript-eslint/no-explicit-any
233:19  Error: React Hook "useCallback" is called conditionally. React Hooks must be called in the exact same order in every component render.  react-hooks/rules-of-hooks
250:20  Error: React Hook "useCallback" is called conditionally. React Hooks must be called in the exact same order in every component render.  react-hooks/rules-of-hooks
261:23  Error: React Hook "useCallback" is called conditionally. React Hooks must be called in the exact same order in every component render.  react-hooks/rules-of-hooks
516:3  Error: 'mode' is assigned a value but never used.  @typescript-eslint/no-unused-vars
677:16  Error: 'error' is defined but never used.  @typescript-eslint/no-unused-vars
695:14  Error: 'error' is defined but never used.  @typescript-eslint/no-unused-vars

./components/dashboard/hooks/use-analytics-data.ts
36:6  Warning: React Hook useEffect has a missing dependency: 'loadData'. Either include it or remove the dependency array.  react-hooks/exhaustive-deps
52:19  Error: Unexpected any. Specify a different type.  @typescript-eslint/no-explicit-any

./components/dashboard/hooks/use-dashboard-stats.ts
47:19  Error: Unexpected any. Specify a different type.  @typescript-eslint/no-explicit-any

./components/dashboard/ImageUpload.tsx
15:10  Error: 'Upload' is defined but never used.  @typescript-eslint/no-unused-vars
15:21  Error: 'Check' is defined but never used.  @typescript-eslint/no-unused-vars
16:21  Error: 'useBlogCoverUpload' is defined but never used.  @typescript-eslint/no-unused-vars
42:42  Error: 'uploadedUrl' is assigned a value but never used.  @typescript-eslint/no-unused-vars

./components/dashboard/login/forms/forgot-password-form.tsx
68:19  Error: Unexpected any. Specify a different type.  @typescript-eslint/no-explicit-any

./components/dashboard/login/forms/register-form.tsx
62:32  Error: 'onSuccess' is defined but never used.  @typescript-eslint/no-unused-vars
135:19  Error: Unexpected any. Specify a different type.  @typescript-eslint/no-explicit-any

./components/dashboard/login/forms/reset-password-form.tsx
114:19  Error: Unexpected any. Specify a different type.  @typescript-eslint/no-explicit-any

./components/dashboard/login/terms-dialog.tsx
74:14  Error: `"` can be escaped with `&quot;`, `&ldquo;`, `&#34;`, `&rdquo;`.  react/no-unescaped-entities
74:21  Error: `"` can be escaped with `&quot;`, `&ldquo;`, `&#34;`, `&rdquo;`.  react/no-unescaped-entities
89:50  Error: `"` can be escaped with `&quot;`, `&ldquo;`, `&#34;`, `&rdquo;`.  react/no-unescaped-entities
89:58  Error: `"` can be escaped with `&quot;`, `&ldquo;`, `&#34;`, `&rdquo;`.  react/no-unescaped-entities
90:50  Error: `"` can be escaped with `&quot;`, `&ldquo;`, `&#34;`, `&rdquo;`.  react/no-unescaped-entities
90:58  Error: `"` can be escaped with `&quot;`, `&ldquo;`, `&#34;`, `&rdquo;`.  react/no-unescaped-entities
91:50  Error: `"` can be escaped with `&quot;`, `&ldquo;`, `&#34;`, `&rdquo;`.  react/no-unescaped-entities
91:59  Error: `"` can be escaped with `&quot;`, `&ldquo;`, `&#34;`, `&rdquo;`.  react/no-unescaped-entities
92:50  Error: `"` can be escaped with `&quot;`, `&ldquo;`, `&#34;`, `&rdquo;`.  react/no-unescaped-entities
92:56  Error: `"` can be escaped with `&quot;`, `&ldquo;`, `&#34;`, `&rdquo;`.  react/no-unescaped-entities

./components/dashboard/quick-actions.tsx
13:36  Error: 'Users' is defined but never used.  @typescript-eslint/no-unused-vars

./components/dashboard/recent-posts-list.tsx
80:21  Warning: Using `<img>` could result in slower LCP and higher bandwidth. Consider using `<Image />` from `next/image` or a custom image loader to automatically optimize images. This may incur additional usage or cost from your provider. See: https://nextjs.org/docs/messages/no-img-element  @next/next/no-img-element

./components/dashboard/utils/format-stats.ts
66:9  Error: Unexpected any. Specify a different type.  @typescript-eslint/no-explicit-any
67:3  Error: 'period' is defined but never used.  @typescript-eslint/no-unused-vars
68:4  Error: Unexpected any. Specify a different type.  @typescript-eslint/no-explicit-any

./components/home/about-section.tsx
15:10  Error: 'Badge' is defined but never used.  @typescript-eslint/no-unused-vars
19:10  Error: 'cn' is defined but never used.  @typescript-eslint/no-unused-vars

./components/home/carousel/Carousel.tsx
35:22  Error: 'setIsAutoPlay' is assigned a value but never used.  @typescript-eslint/no-unused-vars
39:10  Error: 'isMobile' is assigned a value but never used.  @typescript-eslint/no-unused-vars
40:10  Error: 'isTablet' is assigned a value but never used.  @typescript-eslint/no-unused-vars

./components/home/carousel.tsx
48:7  Error: 'MATRIX_CHARS' is assigned a value but never used.  @typescript-eslint/no-unused-vars
138:3  Error: 'autoPlayInterval' is assigned a value but never used.  @typescript-eslint/no-unused-vars
139:3  Error: 'enableAutoPlay' is assigned a value but never used.  @typescript-eslint/no-unused-vars
221:19  Error: Expected a `const` assertion instead of a literal type annotation.  @typescript-eslint/prefer-as-const

./components/home/newsletter-section.tsx
22:10  Error: 'Badge' is defined but never used.  @typescript-eslint/no-unused-vars
28:10  Error: 'SECTION_CLASSES' is defined but never used.  @typescript-eslint/no-unused-vars
28:27  Error: 'CARD_CLASSES' is defined but never used.  @typescript-eslint/no-unused-vars
110:19  Error: Unexpected any. Specify a different type.  @typescript-eslint/no-explicit-any

./components/home/portfolio-showcase.tsx
17:8  Error: 'Link' is defined but never used.  @typescript-eslint/no-unused-vars

./components/sobre/team-card.tsx
22:24  Error: 'cn' is defined but never used.  @typescript-eslint/no-unused-vars

./components/ui/command.tsx
34:11  Error: An interface declaring no members is equivalent to its supertype.  @typescript-eslint/no-empty-object-type

./components/ui/textarea.tsx
15:18  Error: An interface declaring no members is equivalent to its supertype.  @typescript-eslint/no-empty-object-type

./lib/api-helpers.ts
12:14  Error: 'Post' is defined but never used.  @typescript-eslint/no-unused-vars
54:34  Error: Unexpected any. Specify a different type.  @typescript-eslint/no-explicit-any

./lib/auth-local.ts
80:15  Error: 'password' is assigned a value but never used.  @typescript-eslint/no-unused-vars
87:21  Error: Unexpected any. Specify a different type.  @typescript-eslint/no-explicit-any
128:25  Error: '_' is assigned a value but never used.  @typescript-eslint/no-unused-vars
135:21  Error: Unexpected any. Specify a different type.  @typescript-eslint/no-explicit-any
185:21  Error: Unexpected any. Specify a different type.  @typescript-eslint/no-explicit-any
244:21  Error: Unexpected any. Specify a different type.  @typescript-eslint/no-explicit-any

./lib/old-api-client.ts
297:3  Error: '_onProgress' is defined but never used.  @typescript-eslint/no-unused-vars

info  - Need to disable some ESLint rules? Learn more here: https://nextjs.org/docs/app/api-reference/config/eslint#disabling-rules
