
Running 17 tests using 6 workers

  Ô£ÿ   1 [chrome] ÔÇ║ tests\e2e\dashboard-detailed.spec.ts:22:3 ÔÇ║ Dashboard - Cria├º├úo de Post ÔÇ║ deve abrir formul├írio de cria├º├úo de post (43.8s)
  Ô£ÿ   2 [chrome] ÔÇ║ tests\e2e\dashboard-detailed.spec.ts:176:3 ÔÇ║ Dashboard - Cria├º├úo de Post ÔÇ║ deve permitir preencher conte├║do do post (54.1s)

­ƒôØ [CONSOLE INFO] %cDownload the React DevTools for a better development experience: https://react.dev/link/react-devtools font-weight:bold

­ƒôØ [CONSOLE LOG] [PWA] Modo standalone: false

­ƒôØ [CONSOLE LOG] [PWA] Modo standalone: false

­ƒôØ [CONSOLE LOG] [PWA] Service Worker registrado com sucesso

­ƒôØ [CONSOLE LOG] [PWA] Service Worker registrado com sucesso

ÔØî [CONSOLE ERROR] {
  message: 'Request failed: GET http://localhost:3000/dashboard/login?_rsc=1h1b5',
  location: undefined,
  timestamp: '2025-11-11T19:08:01.026Z'
}
  Ô£ÿ   3 [chrome] ÔÇ║ tests\e2e\dashboard-detailed.spec.ts:100:3 ÔÇ║ Dashboard - Cria├º├úo de Post ÔÇ║ deve preencher campos b├ísicos do post (1.3m)
  Ô£ô   7 [chrome] ÔÇ║ tests\e2e\dashboard-detailed.spec.ts:241:3 ÔÇ║ Dashboard - Edi├º├úo de Post ÔÇ║ deve abrir formul├írio de edi├º├úo ao clicar em post existente (16.5s)
  Ô£ÿ   5 [chrome] ÔÇ║ tests\e2e\dashboard-detailed.spec.ts:203:3 ÔÇ║ Dashboard - Cria├º├úo de Post ÔÇ║ deve exibir preview em tempo real (1.1m)
  Ô£ÿ   6 [chrome] ÔÇ║ tests\e2e\dashboard-detailed.spec.ts:149:3 ÔÇ║ Dashboard - Cria├º├úo de Post ÔÇ║ deve permitir selecionar categoria (1.1m)
  Ô£ô   8 [chrome] ÔÇ║ tests\e2e\dashboard-detailed.spec.ts:286:3 ÔÇ║ Dashboard - Edi├º├úo de Post ÔÇ║ deve carregar dados do post no formul├írio de edi├º├úo (34.6s)
  Ô£ÿ  10 [chrome] ÔÇ║ tests\e2e\dashboard-detailed.spec.ts:320:3 ÔÇ║ Dashboard - Edi├º├úo de Post ÔÇ║ deve permitir editar t├¡tulo do post (1.2m)
  Ô£ÿ   4 [chrome] ÔÇ║ tests\e2e\dashboard-detailed.spec.ts:132:3 ÔÇ║ Dashboard - Cria├º├úo de Post ÔÇ║ deve permitir preencher excerpt (1.3m)
  Ô£ô  14 [chrome] ÔÇ║ tests\e2e\dashboard-detailed.spec.ts:478:3 ÔÇ║ Dashboard - Configura├º├Áes de Post ÔÇ║ deve permitir configurar coment├írios (15.9s)
  Ô£ÿ   9 [chrome] ÔÇ║ tests\e2e\dashboard-detailed.spec.ts:357:3 ÔÇ║ Dashboard - Upload de Imagens ÔÇ║ deve exibir campo de upload de imagem de capa (24.1s)
  Ô£ÿ  13 [chrome] ÔÇ║ tests\e2e\dashboard-detailed.spec.ts:423:3 ÔÇ║ Dashboard - Configura├º├Áes de Post ÔÇ║ deve permitir alterar status do post (52.3s)
  Ô£ô  15 [chrome] ÔÇ║ tests\e2e\dashboard-detailed.spec.ts:502:3 ÔÇ║ Dashboard - Exclus├úo de Post ÔÇ║ deve exibir bot├úo de excluir em post existente (30.8s)
  Ô£ô  16 [chrome] ÔÇ║ tests\e2e\dashboard-detailed.spec.ts:529:3 ÔÇ║ Dashboard - Estat├¡sticas ÔÇ║ deve exibir estat├¡sticas do dashboard (53.4s)
  Ô£ÿ  12 [chrome] ÔÇ║ tests\e2e\dashboard-detailed.spec.ts:404:3 ÔÇ║ Dashboard - Upload de Imagens ÔÇ║ deve permitir preencher URL de imagem de capa (52.6s)
  Ô£ÿ  11 [chrome] ÔÇ║ tests\e2e\dashboard-detailed.spec.ts:457:3 ÔÇ║ Dashboard - Configura├º├Áes de Post ÔÇ║ deve permitir marcar post como featured (1.1m)
  Ô£ÿ  17 [chrome] ÔÇ║ tests\e2e\dashboard-detailed.spec.ts:574:3 ÔÇ║ Dashboard - Valida├º├úo de Formul├írio ÔÇ║ deve validar campos obrigat├│rios ao salvar (54.5s)


  1) [chrome] ÔÇ║ tests\e2e\dashboard-detailed.spec.ts:22:3 ÔÇ║ Dashboard - Cria├º├úo de Post ÔÇ║ deve abrir formul├írio de cria├º├úo de post 

    TimeoutError: page.goto: Timeout 30000ms exceeded.
    Call log:
    [2m  - navigating to "http://localhost:3000/dashboard", waiting until "load"[22m


      16 | test.describe('Dashboard - Cria├º├úo de Post', () => {
      17 |   test.beforeEach(async ({ page }) => {
    > 18 |     await page.goto('/dashboard');
         |                ^
      19 |     await page.waitForLoadState('networkidle');
      20 |   });
      21 |
        at C:\Desenvolvimento\rainer-portfolio-frontend\tests\e2e\dashboard-detailed.spec.ts:18:16

    attachment #1: video (video/webm) ÔöÇÔöÇÔöÇÔöÇÔöÇÔöÇÔöÇÔöÇÔöÇÔöÇÔöÇÔöÇÔöÇÔöÇÔöÇÔöÇÔöÇÔöÇÔöÇÔöÇÔöÇÔöÇÔöÇÔöÇÔöÇÔöÇÔöÇÔöÇÔöÇÔöÇÔöÇÔöÇÔöÇÔöÇÔöÇÔöÇÔöÇÔöÇÔöÇÔöÇÔöÇÔöÇÔöÇÔöÇÔöÇÔöÇÔöÇÔöÇÔöÇÔöÇÔöÇÔöÇÔöÇÔöÇÔöÇÔöÇÔöÇÔöÇÔöÇÔöÇÔöÇÔöÇ
    test-results\dashboard-detailed-Dashboa-c2ada-rmul├írio-de-cria├º├úo-de-post-chrome\video.webm
    ÔöÇÔöÇÔöÇÔöÇÔöÇÔöÇÔöÇÔöÇÔöÇÔöÇÔöÇÔöÇÔöÇÔöÇÔöÇÔöÇÔöÇÔöÇÔöÇÔöÇÔöÇÔöÇÔöÇÔöÇÔöÇÔöÇÔöÇÔöÇÔöÇÔöÇÔöÇÔöÇÔöÇÔöÇÔöÇÔöÇÔöÇÔöÇÔöÇÔöÇÔöÇÔöÇÔöÇÔöÇÔöÇÔöÇÔöÇÔöÇÔöÇÔöÇÔöÇÔöÇÔöÇÔöÇÔöÇÔöÇÔöÇÔöÇÔöÇÔöÇÔöÇÔöÇÔöÇÔöÇÔöÇÔöÇÔöÇÔöÇÔöÇÔöÇÔöÇÔöÇÔöÇÔöÇÔöÇÔöÇÔöÇÔöÇÔöÇÔöÇÔöÇÔöÇÔöÇÔöÇÔöÇÔöÇÔöÇÔöÇÔöÇÔöÇÔöÇÔöÇÔöÇÔöÇÔöÇÔöÇ

    Error Context: test-results\dashboard-detailed-Dashboa-c2ada-rmul├írio-de-cria├º├úo-de-post-chrome\error-context.md

    attachment #3: trace (application/zip) ÔöÇÔöÇÔöÇÔöÇÔöÇÔöÇÔöÇÔöÇÔöÇÔöÇÔöÇÔöÇÔöÇÔöÇÔöÇÔöÇÔöÇÔöÇÔöÇÔöÇÔöÇÔöÇÔöÇÔöÇÔöÇÔöÇÔöÇÔöÇÔöÇÔöÇÔöÇÔöÇÔöÇÔöÇÔöÇÔöÇÔöÇÔöÇÔöÇÔöÇÔöÇÔöÇÔöÇÔöÇÔöÇÔöÇÔöÇÔöÇÔöÇÔöÇÔöÇÔöÇÔöÇÔöÇÔöÇÔöÇÔöÇ
    test-results\dashboard-detailed-Dashboa-c2ada-rmul├írio-de-cria├º├úo-de-post-chrome\trace.zip
    Usage:

        npx playwright show-trace test-results\dashboard-detailed-Dashboa-c2ada-rmul├írio-de-cria├º├úo-de-post-chrome\trace.zip

    ÔöÇÔöÇÔöÇÔöÇÔöÇÔöÇÔöÇÔöÇÔöÇÔöÇÔöÇÔöÇÔöÇÔöÇÔöÇÔöÇÔöÇÔöÇÔöÇÔöÇÔöÇÔöÇÔöÇÔöÇÔöÇÔöÇÔöÇÔöÇÔöÇÔöÇÔöÇÔöÇÔöÇÔöÇÔöÇÔöÇÔöÇÔöÇÔöÇÔöÇÔöÇÔöÇÔöÇÔöÇÔöÇÔöÇÔöÇÔöÇÔöÇÔöÇÔöÇÔöÇÔöÇÔöÇÔöÇÔöÇÔöÇÔöÇÔöÇÔöÇÔöÇÔöÇÔöÇÔöÇÔöÇÔöÇÔöÇÔöÇÔöÇÔöÇÔöÇÔöÇÔöÇÔöÇÔöÇÔöÇÔöÇÔöÇÔöÇÔöÇÔöÇÔöÇÔöÇÔöÇÔöÇÔöÇÔöÇÔöÇÔöÇÔöÇÔöÇÔöÇÔöÇÔöÇÔöÇÔöÇ

  2) [chrome] ÔÇ║ tests\e2e\dashboard-detailed.spec.ts:100:3 ÔÇ║ Dashboard - Cria├º├úo de Post ÔÇ║ deve preencher campos b├ísicos do post 

    TimeoutError: page.goto: Timeout 30000ms exceeded.
    Call log:
    [2m  - navigating to "http://localhost:3000/dashboard", waiting until "load"[22m


      16 | test.describe('Dashboard - Cria├º├úo de Post', () => {
      17 |   test.beforeEach(async ({ page }) => {
    > 18 |     await page.goto('/dashboard');
         |                ^
      19 |     await page.waitForLoadState('networkidle');
      20 |   });
      21 |
        at C:\Desenvolvimento\rainer-portfolio-frontend\tests\e2e\dashboard-detailed.spec.ts:18:16

    attachment #1: video (video/webm) ÔöÇÔöÇÔöÇÔöÇÔöÇÔöÇÔöÇÔöÇÔöÇÔöÇÔöÇÔöÇÔöÇÔöÇÔöÇÔöÇÔöÇÔöÇÔöÇÔöÇÔöÇÔöÇÔöÇÔöÇÔöÇÔöÇÔöÇÔöÇÔöÇÔöÇÔöÇÔöÇÔöÇÔöÇÔöÇÔöÇÔöÇÔöÇÔöÇÔöÇÔöÇÔöÇÔöÇÔöÇÔöÇÔöÇÔöÇÔöÇÔöÇÔöÇÔöÇÔöÇÔöÇÔöÇÔöÇÔöÇÔöÇÔöÇÔöÇÔöÇÔöÇÔöÇ
    test-results\dashboard-detailed-Dashboa-6116f-cher-campos-b├ísicos-do-post-chrome\video.webm
    ÔöÇÔöÇÔöÇÔöÇÔöÇÔöÇÔöÇÔöÇÔöÇÔöÇÔöÇÔöÇÔöÇÔöÇÔöÇÔöÇÔöÇÔöÇÔöÇÔöÇÔöÇÔöÇÔöÇÔöÇÔöÇÔöÇÔöÇÔöÇÔöÇÔöÇÔöÇÔöÇÔöÇÔöÇÔöÇÔöÇÔöÇÔöÇÔöÇÔöÇÔöÇÔöÇÔöÇÔöÇÔöÇÔöÇÔöÇÔöÇÔöÇÔöÇÔöÇÔöÇÔöÇÔöÇÔöÇÔöÇÔöÇÔöÇÔöÇÔöÇÔöÇÔöÇÔöÇÔöÇÔöÇÔöÇÔöÇÔöÇÔöÇÔöÇÔöÇÔöÇÔöÇÔöÇÔöÇÔöÇÔöÇÔöÇÔöÇÔöÇÔöÇÔöÇÔöÇÔöÇÔöÇÔöÇÔöÇÔöÇÔöÇÔöÇÔöÇÔöÇÔöÇÔöÇÔöÇÔöÇ

    Error Context: test-results\dashboard-detailed-Dashboa-6116f-cher-campos-b├ísicos-do-post-chrome\error-context.md

    attachment #3: trace (application/zip) ÔöÇÔöÇÔöÇÔöÇÔöÇÔöÇÔöÇÔöÇÔöÇÔöÇÔöÇÔöÇÔöÇÔöÇÔöÇÔöÇÔöÇÔöÇÔöÇÔöÇÔöÇÔöÇÔöÇÔöÇÔöÇÔöÇÔöÇÔöÇÔöÇÔöÇÔöÇÔöÇÔöÇÔöÇÔöÇÔöÇÔöÇÔöÇÔöÇÔöÇÔöÇÔöÇÔöÇÔöÇÔöÇÔöÇÔöÇÔöÇÔöÇÔöÇÔöÇÔöÇÔöÇÔöÇÔöÇÔöÇÔöÇ
    test-results\dashboard-detailed-Dashboa-6116f-cher-campos-b├ísicos-do-post-chrome\trace.zip
    Usage:

        npx playwright show-trace test-results\dashboard-detailed-Dashboa-6116f-cher-campos-b├ísicos-do-post-chrome\trace.zip

    ÔöÇÔöÇÔöÇÔöÇÔöÇÔöÇÔöÇÔöÇÔöÇÔöÇÔöÇÔöÇÔöÇÔöÇÔöÇÔöÇÔöÇÔöÇÔöÇÔöÇÔöÇÔöÇÔöÇÔöÇÔöÇÔöÇÔöÇÔöÇÔöÇÔöÇÔöÇÔöÇÔöÇÔöÇÔöÇÔöÇÔöÇÔöÇÔöÇÔöÇÔöÇÔöÇÔöÇÔöÇÔöÇÔöÇÔöÇÔöÇÔöÇÔöÇÔöÇÔöÇÔöÇÔöÇÔöÇÔöÇÔöÇÔöÇÔöÇÔöÇÔöÇÔöÇÔöÇÔöÇÔöÇÔöÇÔöÇÔöÇÔöÇÔöÇÔöÇÔöÇÔöÇÔöÇÔöÇÔöÇÔöÇÔöÇÔöÇÔöÇÔöÇÔöÇÔöÇÔöÇÔöÇÔöÇÔöÇÔöÇÔöÇÔöÇÔöÇÔöÇÔöÇÔöÇÔöÇÔöÇ

  3) [chrome] ÔÇ║ tests\e2e\dashboard-detailed.spec.ts:132:3 ÔÇ║ Dashboard - Cria├º├úo de Post ÔÇ║ deve permitir preencher excerpt 

    TimeoutError: page.goto: Timeout 30000ms exceeded.
    Call log:
    [2m  - navigating to "http://localhost:3000/dashboard", waiting until "load"[22m


      16 | test.describe('Dashboard - Cria├º├úo de Post', () => {
      17 |   test.beforeEach(async ({ page }) => {
    > 18 |     await page.goto('/dashboard');
         |                ^
      19 |     await page.waitForLoadState('networkidle');
      20 |   });
      21 |
        at C:\Desenvolvimento\rainer-portfolio-frontend\tests\e2e\dashboard-detailed.spec.ts:18:16

    attachment #1: video (video/webm) ÔöÇÔöÇÔöÇÔöÇÔöÇÔöÇÔöÇÔöÇÔöÇÔöÇÔöÇÔöÇÔöÇÔöÇÔöÇÔöÇÔöÇÔöÇÔöÇÔöÇÔöÇÔöÇÔöÇÔöÇÔöÇÔöÇÔöÇÔöÇÔöÇÔöÇÔöÇÔöÇÔöÇÔöÇÔöÇÔöÇÔöÇÔöÇÔöÇÔöÇÔöÇÔöÇÔöÇÔöÇÔöÇÔöÇÔöÇÔöÇÔöÇÔöÇÔöÇÔöÇÔöÇÔöÇÔöÇÔöÇÔöÇÔöÇÔöÇÔöÇÔöÇÔöÇ
    test-results\dashboard-detailed-Dashboa-f2009--permitir-preencher-excerpt-chrome\video.webm
    ÔöÇÔöÇÔöÇÔöÇÔöÇÔöÇÔöÇÔöÇÔöÇÔöÇÔöÇÔöÇÔöÇÔöÇÔöÇÔöÇÔöÇÔöÇÔöÇÔöÇÔöÇÔöÇÔöÇÔöÇÔöÇÔöÇÔöÇÔöÇÔöÇÔöÇÔöÇÔöÇÔöÇÔöÇÔöÇÔöÇÔöÇÔöÇÔöÇÔöÇÔöÇÔöÇÔöÇÔöÇÔöÇÔöÇÔöÇÔöÇÔöÇÔöÇÔöÇÔöÇÔöÇÔöÇÔöÇÔöÇÔöÇÔöÇÔöÇÔöÇÔöÇÔöÇÔöÇÔöÇÔöÇÔöÇÔöÇÔöÇÔöÇÔöÇÔöÇÔöÇÔöÇÔöÇÔöÇÔöÇÔöÇÔöÇÔöÇÔöÇÔöÇÔöÇÔöÇÔöÇÔöÇÔöÇÔöÇÔöÇÔöÇÔöÇÔöÇÔöÇÔöÇÔöÇÔöÇÔöÇ

    Error Context: test-results\dashboard-detailed-Dashboa-f2009--permitir-preencher-excerpt-chrome\error-context.md

    attachment #3: trace (application/zip) ÔöÇÔöÇÔöÇÔöÇÔöÇÔöÇÔöÇÔöÇÔöÇÔöÇÔöÇÔöÇÔöÇÔöÇÔöÇÔöÇÔöÇÔöÇÔöÇÔöÇÔöÇÔöÇÔöÇÔöÇÔöÇÔöÇÔöÇÔöÇÔöÇÔöÇÔöÇÔöÇÔöÇÔöÇÔöÇÔöÇÔöÇÔöÇÔöÇÔöÇÔöÇÔöÇÔöÇÔöÇÔöÇÔöÇÔöÇÔöÇÔöÇÔöÇÔöÇÔöÇÔöÇÔöÇÔöÇÔöÇÔöÇ
    test-results\dashboard-detailed-Dashboa-f2009--permitir-preencher-excerpt-chrome\trace.zip
    Usage:

        npx playwright show-trace test-results\dashboard-detailed-Dashboa-f2009--permitir-preencher-excerpt-chrome\trace.zip

    ÔöÇÔöÇÔöÇÔöÇÔöÇÔöÇÔöÇÔöÇÔöÇÔöÇÔöÇÔöÇÔöÇÔöÇÔöÇÔöÇÔöÇÔöÇÔöÇÔöÇÔöÇÔöÇÔöÇÔöÇÔöÇÔöÇÔöÇÔöÇÔöÇÔöÇÔöÇÔöÇÔöÇÔöÇÔöÇÔöÇÔöÇÔöÇÔöÇÔöÇÔöÇÔöÇÔöÇÔöÇÔöÇÔöÇÔöÇÔöÇÔöÇÔöÇÔöÇÔöÇÔöÇÔöÇÔöÇÔöÇÔöÇÔöÇÔöÇÔöÇÔöÇÔöÇÔöÇÔöÇÔöÇÔöÇÔöÇÔöÇÔöÇÔöÇÔöÇÔöÇÔöÇÔöÇÔöÇÔöÇÔöÇÔöÇÔöÇÔöÇÔöÇÔöÇÔöÇÔöÇÔöÇÔöÇÔöÇÔöÇÔöÇÔöÇÔöÇÔöÇÔöÇÔöÇÔöÇÔöÇ

  4) [chrome] ÔÇ║ tests\e2e\dashboard-detailed.spec.ts:149:3 ÔÇ║ Dashboard - Cria├º├úo de Post ÔÇ║ deve permitir selecionar categoria 

    TimeoutError: page.goto: Timeout 30000ms exceeded.
    Call log:
    [2m  - navigating to "http://localhost:3000/dashboard", waiting until "load"[22m


      16 | test.describe('Dashboard - Cria├º├úo de Post', () => {
      17 |   test.beforeEach(async ({ page }) => {
    > 18 |     await page.goto('/dashboard');
         |                ^
      19 |     await page.waitForLoadState('networkidle');
      20 |   });
      21 |
        at C:\Desenvolvimento\rainer-portfolio-frontend\tests\e2e\dashboard-detailed.spec.ts:18:16

    attachment #1: video (video/webm) ÔöÇÔöÇÔöÇÔöÇÔöÇÔöÇÔöÇÔöÇÔöÇÔöÇÔöÇÔöÇÔöÇÔöÇÔöÇÔöÇÔöÇÔöÇÔöÇÔöÇÔöÇÔöÇÔöÇÔöÇÔöÇÔöÇÔöÇÔöÇÔöÇÔöÇÔöÇÔöÇÔöÇÔöÇÔöÇÔöÇÔöÇÔöÇÔöÇÔöÇÔöÇÔöÇÔöÇÔöÇÔöÇÔöÇÔöÇÔöÇÔöÇÔöÇÔöÇÔöÇÔöÇÔöÇÔöÇÔöÇÔöÇÔöÇÔöÇÔöÇÔöÇÔöÇ
    test-results\dashboard-detailed-Dashboa-58a66-rmitir-selecionar-categoria-chrome\video.webm
    ÔöÇÔöÇÔöÇÔöÇÔöÇÔöÇÔöÇÔöÇÔöÇÔöÇÔöÇÔöÇÔöÇÔöÇÔöÇÔöÇÔöÇÔöÇÔöÇÔöÇÔöÇÔöÇÔöÇÔöÇÔöÇÔöÇÔöÇÔöÇÔöÇÔöÇÔöÇÔöÇÔöÇÔöÇÔöÇÔöÇÔöÇÔöÇÔöÇÔöÇÔöÇÔöÇÔöÇÔöÇÔöÇÔöÇÔöÇÔöÇÔöÇÔöÇÔöÇÔöÇÔöÇÔöÇÔöÇÔöÇÔöÇÔöÇÔöÇÔöÇÔöÇÔöÇÔöÇÔöÇÔöÇÔöÇÔöÇÔöÇÔöÇÔöÇÔöÇÔöÇÔöÇÔöÇÔöÇÔöÇÔöÇÔöÇÔöÇÔöÇÔöÇÔöÇÔöÇÔöÇÔöÇÔöÇÔöÇÔöÇÔöÇÔöÇÔöÇÔöÇÔöÇÔöÇÔöÇÔöÇ

    Error Context: test-results\dashboard-detailed-Dashboa-58a66-rmitir-selecionar-categoria-chrome\error-context.md

    attachment #3: trace (application/zip) ÔöÇÔöÇÔöÇÔöÇÔöÇÔöÇÔöÇÔöÇÔöÇÔöÇÔöÇÔöÇÔöÇÔöÇÔöÇÔöÇÔöÇÔöÇÔöÇÔöÇÔöÇÔöÇÔöÇÔöÇÔöÇÔöÇÔöÇÔöÇÔöÇÔöÇÔöÇÔöÇÔöÇÔöÇÔöÇÔöÇÔöÇÔöÇÔöÇÔöÇÔöÇÔöÇÔöÇÔöÇÔöÇÔöÇÔöÇÔöÇÔöÇÔöÇÔöÇÔöÇÔöÇÔöÇÔöÇÔöÇÔöÇ
    test-results\dashboard-detailed-Dashboa-58a66-rmitir-selecionar-categoria-chrome\trace.zip
    Usage:

        npx playwright show-trace test-results\dashboard-detailed-Dashboa-58a66-rmitir-selecionar-categoria-chrome\trace.zip

    ÔöÇÔöÇÔöÇÔöÇÔöÇÔöÇÔöÇÔöÇÔöÇÔöÇÔöÇÔöÇÔöÇÔöÇÔöÇÔöÇÔöÇÔöÇÔöÇÔöÇÔöÇÔöÇÔöÇÔöÇÔöÇÔöÇÔöÇÔöÇÔöÇÔöÇÔöÇÔöÇÔöÇÔöÇÔöÇÔöÇÔöÇÔöÇÔöÇÔöÇÔöÇÔöÇÔöÇÔöÇÔöÇÔöÇÔöÇÔöÇÔöÇÔöÇÔöÇÔöÇÔöÇÔöÇÔöÇÔöÇÔöÇÔöÇÔöÇÔöÇÔöÇÔöÇÔöÇÔöÇÔöÇÔöÇÔöÇÔöÇÔöÇÔöÇÔöÇÔöÇÔöÇÔöÇÔöÇÔöÇÔöÇÔöÇÔöÇÔöÇÔöÇÔöÇÔöÇÔöÇÔöÇÔöÇÔöÇÔöÇÔöÇÔöÇÔöÇÔöÇÔöÇÔöÇÔöÇÔöÇ

  5) [chrome] ÔÇ║ tests\e2e\dashboard-detailed.spec.ts:176:3 ÔÇ║ Dashboard - Cria├º├úo de Post ÔÇ║ deve permitir preencher conte├║do do post 

    TimeoutError: page.goto: Timeout 30000ms exceeded.
    Call log:
    [2m  - navigating to "http://localhost:3000/dashboard", waiting until "load"[22m


      16 | test.describe('Dashboard - Cria├º├úo de Post', () => {
      17 |   test.beforeEach(async ({ page }) => {
    > 18 |     await page.goto('/dashboard');
         |                ^
      19 |     await page.waitForLoadState('networkidle');
      20 |   });
      21 |
        at C:\Desenvolvimento\rainer-portfolio-frontend\tests\e2e\dashboard-detailed.spec.ts:18:16

    attachment #1: video (video/webm) ÔöÇÔöÇÔöÇÔöÇÔöÇÔöÇÔöÇÔöÇÔöÇÔöÇÔöÇÔöÇÔöÇÔöÇÔöÇÔöÇÔöÇÔöÇÔöÇÔöÇÔöÇÔöÇÔöÇÔöÇÔöÇÔöÇÔöÇÔöÇÔöÇÔöÇÔöÇÔöÇÔöÇÔöÇÔöÇÔöÇÔöÇÔöÇÔöÇÔöÇÔöÇÔöÇÔöÇÔöÇÔöÇÔöÇÔöÇÔöÇÔöÇÔöÇÔöÇÔöÇÔöÇÔöÇÔöÇÔöÇÔöÇÔöÇÔöÇÔöÇÔöÇÔöÇ
    test-results\dashboard-detailed-Dashboa-9d2d9--preencher-conte├║do-do-post-chrome\video.webm
    ÔöÇÔöÇÔöÇÔöÇÔöÇÔöÇÔöÇÔöÇÔöÇÔöÇÔöÇÔöÇÔöÇÔöÇÔöÇÔöÇÔöÇÔöÇÔöÇÔöÇÔöÇÔöÇÔöÇÔöÇÔöÇÔöÇÔöÇÔöÇÔöÇÔöÇÔöÇÔöÇÔöÇÔöÇÔöÇÔöÇÔöÇÔöÇÔöÇÔöÇÔöÇÔöÇÔöÇÔöÇÔöÇÔöÇÔöÇÔöÇÔöÇÔöÇÔöÇÔöÇÔöÇÔöÇÔöÇÔöÇÔöÇÔöÇÔöÇÔöÇÔöÇÔöÇÔöÇÔöÇÔöÇÔöÇÔöÇÔöÇÔöÇÔöÇÔöÇÔöÇÔöÇÔöÇÔöÇÔöÇÔöÇÔöÇÔöÇÔöÇÔöÇÔöÇÔöÇÔöÇÔöÇÔöÇÔöÇÔöÇÔöÇÔöÇÔöÇÔöÇÔöÇÔöÇÔöÇÔöÇ

    Error Context: test-results\dashboard-detailed-Dashboa-9d2d9--preencher-conte├║do-do-post-chrome\error-context.md

    attachment #3: trace (application/zip) ÔöÇÔöÇÔöÇÔöÇÔöÇÔöÇÔöÇÔöÇÔöÇÔöÇÔöÇÔöÇÔöÇÔöÇÔöÇÔöÇÔöÇÔöÇÔöÇÔöÇÔöÇÔöÇÔöÇÔöÇÔöÇÔöÇÔöÇÔöÇÔöÇÔöÇÔöÇÔöÇÔöÇÔöÇÔöÇÔöÇÔöÇÔöÇÔöÇÔöÇÔöÇÔöÇÔöÇÔöÇÔöÇÔöÇÔöÇÔöÇÔöÇÔöÇÔöÇÔöÇÔöÇÔöÇÔöÇÔöÇÔöÇ
    test-results\dashboard-detailed-Dashboa-9d2d9--preencher-conte├║do-do-post-chrome\trace.zip
    Usage:

        npx playwright show-trace test-results\dashboard-detailed-Dashboa-9d2d9--preencher-conte├║do-do-post-chrome\trace.zip

    ÔöÇÔöÇÔöÇÔöÇÔöÇÔöÇÔöÇÔöÇÔöÇÔöÇÔöÇÔöÇÔöÇÔöÇÔöÇÔöÇÔöÇÔöÇÔöÇÔöÇÔöÇÔöÇÔöÇÔöÇÔöÇÔöÇÔöÇÔöÇÔöÇÔöÇÔöÇÔöÇÔöÇÔöÇÔöÇÔöÇÔöÇÔöÇÔöÇÔöÇÔöÇÔöÇÔöÇÔöÇÔöÇÔöÇÔöÇÔöÇÔöÇÔöÇÔöÇÔöÇÔöÇÔöÇÔöÇÔöÇÔöÇÔöÇÔöÇÔöÇÔöÇÔöÇÔöÇÔöÇÔöÇÔöÇÔöÇÔöÇÔöÇÔöÇÔöÇÔöÇÔöÇÔöÇÔöÇÔöÇÔöÇÔöÇÔöÇÔöÇÔöÇÔöÇÔöÇÔöÇÔöÇÔöÇÔöÇÔöÇÔöÇÔöÇÔöÇÔöÇÔöÇÔöÇÔöÇÔöÇ

  6) [chrome] ÔÇ║ tests\e2e\dashboard-detailed.spec.ts:203:3 ÔÇ║ Dashboard - Cria├º├úo de Post ÔÇ║ deve exibir preview em tempo real 

    TimeoutError: page.goto: Timeout 30000ms exceeded.
    Call log:
    [2m  - navigating to "http://localhost:3000/dashboard", waiting until "load"[22m


      16 | test.describe('Dashboard - Cria├º├úo de Post', () => {
      17 |   test.beforeEach(async ({ page }) => {
    > 18 |     await page.goto('/dashboard');
         |                ^
      19 |     await page.waitForLoadState('networkidle');
      20 |   });
      21 |
        at C:\Desenvolvimento\rainer-portfolio-frontend\tests\e2e\dashboard-detailed.spec.ts:18:16

    attachment #1: video (video/webm) ÔöÇÔöÇÔöÇÔöÇÔöÇÔöÇÔöÇÔöÇÔöÇÔöÇÔöÇÔöÇÔöÇÔöÇÔöÇÔöÇÔöÇÔöÇÔöÇÔöÇÔöÇÔöÇÔöÇÔöÇÔöÇÔöÇÔöÇÔöÇÔöÇÔöÇÔöÇÔöÇÔöÇÔöÇÔöÇÔöÇÔöÇÔöÇÔöÇÔöÇÔöÇÔöÇÔöÇÔöÇÔöÇÔöÇÔöÇÔöÇÔöÇÔöÇÔöÇÔöÇÔöÇÔöÇÔöÇÔöÇÔöÇÔöÇÔöÇÔöÇÔöÇÔöÇ
    test-results\dashboard-detailed-Dashboa-4666d-xibir-preview-em-tempo-real-chrome\video.webm
    ÔöÇÔöÇÔöÇÔöÇÔöÇÔöÇÔöÇÔöÇÔöÇÔöÇÔöÇÔöÇÔöÇÔöÇÔöÇÔöÇÔöÇÔöÇÔöÇÔöÇÔöÇÔöÇÔöÇÔöÇÔöÇÔöÇÔöÇÔöÇÔöÇÔöÇÔöÇÔöÇÔöÇÔöÇÔöÇÔöÇÔöÇÔöÇÔöÇÔöÇÔöÇÔöÇÔöÇÔöÇÔöÇÔöÇÔöÇÔöÇÔöÇÔöÇÔöÇÔöÇÔöÇÔöÇÔöÇÔöÇÔöÇÔöÇÔöÇÔöÇÔöÇÔöÇÔöÇÔöÇÔöÇÔöÇÔöÇÔöÇÔöÇÔöÇÔöÇÔöÇÔöÇÔöÇÔöÇÔöÇÔöÇÔöÇÔöÇÔöÇÔöÇÔöÇÔöÇÔöÇÔöÇÔöÇÔöÇÔöÇÔöÇÔöÇÔöÇÔöÇÔöÇÔöÇÔöÇÔöÇ

    Error Context: test-results\dashboard-detailed-Dashboa-4666d-xibir-preview-em-tempo-real-chrome\error-context.md

    attachment #3: trace (application/zip) ÔöÇÔöÇÔöÇÔöÇÔöÇÔöÇÔöÇÔöÇÔöÇÔöÇÔöÇÔöÇÔöÇÔöÇÔöÇÔöÇÔöÇÔöÇÔöÇÔöÇÔöÇÔöÇÔöÇÔöÇÔöÇÔöÇÔöÇÔöÇÔöÇÔöÇÔöÇÔöÇÔöÇÔöÇÔöÇÔöÇÔöÇÔöÇÔöÇÔöÇÔöÇÔöÇÔöÇÔöÇÔöÇÔöÇÔöÇÔöÇÔöÇÔöÇÔöÇÔöÇÔöÇÔöÇÔöÇÔöÇÔöÇ
    test-results\dashboard-detailed-Dashboa-4666d-xibir-preview-em-tempo-real-chrome\trace.zip
    Usage:

        npx playwright show-trace test-results\dashboard-detailed-Dashboa-4666d-xibir-preview-em-tempo-real-chrome\trace.zip

    ÔöÇÔöÇÔöÇÔöÇÔöÇÔöÇÔöÇÔöÇÔöÇÔöÇÔöÇÔöÇÔöÇÔöÇÔöÇÔöÇÔöÇÔöÇÔöÇÔöÇÔöÇÔöÇÔöÇÔöÇÔöÇÔöÇÔöÇÔöÇÔöÇÔöÇÔöÇÔöÇÔöÇÔöÇÔöÇÔöÇÔöÇÔöÇÔöÇÔöÇÔöÇÔöÇÔöÇÔöÇÔöÇÔöÇÔöÇÔöÇÔöÇÔöÇÔöÇÔöÇÔöÇÔöÇÔöÇÔöÇÔöÇÔöÇÔöÇÔöÇÔöÇÔöÇÔöÇÔöÇÔöÇÔöÇÔöÇÔöÇÔöÇÔöÇÔöÇÔöÇÔöÇÔöÇÔöÇÔöÇÔöÇÔöÇÔöÇÔöÇÔöÇÔöÇÔöÇÔöÇÔöÇÔöÇÔöÇÔöÇÔöÇÔöÇÔöÇÔöÇÔöÇÔöÇÔöÇÔöÇ

  7) [chrome] ÔÇ║ tests\e2e\dashboard-detailed.spec.ts:320:3 ÔÇ║ Dashboard - Edi├º├úo de Post ÔÇ║ deve permitir editar t├¡tulo do post 

    TimeoutError: page.goto: Timeout 30000ms exceeded.
    Call log:
    [2m  - navigating to "http://localhost:3000/dashboard", waiting until "load"[22m


      319 |
      320 |   test('deve permitir editar t├¡tulo do post', async ({ page }) => {
    > 321 |     await page.goto('/dashboard');
          |                ^
      322 |     await page.waitForLoadState('networkidle');
      323 |     await page.waitForTimeout(2000);
      324 |
        at C:\Desenvolvimento\rainer-portfolio-frontend\tests\e2e\dashboard-detailed.spec.ts:321:16

    attachment #1: video (video/webm) ÔöÇÔöÇÔöÇÔöÇÔöÇÔöÇÔöÇÔöÇÔöÇÔöÇÔöÇÔöÇÔöÇÔöÇÔöÇÔöÇÔöÇÔöÇÔöÇÔöÇÔöÇÔöÇÔöÇÔöÇÔöÇÔöÇÔöÇÔöÇÔöÇÔöÇÔöÇÔöÇÔöÇÔöÇÔöÇÔöÇÔöÇÔöÇÔöÇÔöÇÔöÇÔöÇÔöÇÔöÇÔöÇÔöÇÔöÇÔöÇÔöÇÔöÇÔöÇÔöÇÔöÇÔöÇÔöÇÔöÇÔöÇÔöÇÔöÇÔöÇÔöÇÔöÇ
    test-results\dashboard-detailed-Dashboa-99582-mitir-editar-t├¡tulo-do-post-chrome\video.webm
    ÔöÇÔöÇÔöÇÔöÇÔöÇÔöÇÔöÇÔöÇÔöÇÔöÇÔöÇÔöÇÔöÇÔöÇÔöÇÔöÇÔöÇÔöÇÔöÇÔöÇÔöÇÔöÇÔöÇÔöÇÔöÇÔöÇÔöÇÔöÇÔöÇÔöÇÔöÇÔöÇÔöÇÔöÇÔöÇÔöÇÔöÇÔöÇÔöÇÔöÇÔöÇÔöÇÔöÇÔöÇÔöÇÔöÇÔöÇÔöÇÔöÇÔöÇÔöÇÔöÇÔöÇÔöÇÔöÇÔöÇÔöÇÔöÇÔöÇÔöÇÔöÇÔöÇÔöÇÔöÇÔöÇÔöÇÔöÇÔöÇÔöÇÔöÇÔöÇÔöÇÔöÇÔöÇÔöÇÔöÇÔöÇÔöÇÔöÇÔöÇÔöÇÔöÇÔöÇÔöÇÔöÇÔöÇÔöÇÔöÇÔöÇÔöÇÔöÇÔöÇÔöÇÔöÇÔöÇÔöÇ

    Error Context: test-results\dashboard-detailed-Dashboa-99582-mitir-editar-t├¡tulo-do-post-chrome\error-context.md

    attachment #3: trace (application/zip) ÔöÇÔöÇÔöÇÔöÇÔöÇÔöÇÔöÇÔöÇÔöÇÔöÇÔöÇÔöÇÔöÇÔöÇÔöÇÔöÇÔöÇÔöÇÔöÇÔöÇÔöÇÔöÇÔöÇÔöÇÔöÇÔöÇÔöÇÔöÇÔöÇÔöÇÔöÇÔöÇÔöÇÔöÇÔöÇÔöÇÔöÇÔöÇÔöÇÔöÇÔöÇÔöÇÔöÇÔöÇÔöÇÔöÇÔöÇÔöÇÔöÇÔöÇÔöÇÔöÇÔöÇÔöÇÔöÇÔöÇÔöÇ
    test-results\dashboard-detailed-Dashboa-99582-mitir-editar-t├¡tulo-do-post-chrome\trace.zip
    Usage:

        npx playwright show-trace test-results\dashboard-detailed-Dashboa-99582-mitir-editar-t├¡tulo-do-post-chrome\trace.zip

    ÔöÇÔöÇÔöÇÔöÇÔöÇÔöÇÔöÇÔöÇÔöÇÔöÇÔöÇÔöÇÔöÇÔöÇÔöÇÔöÇÔöÇÔöÇÔöÇÔöÇÔöÇÔöÇÔöÇÔöÇÔöÇÔöÇÔöÇÔöÇÔöÇÔöÇÔöÇÔöÇÔöÇÔöÇÔöÇÔöÇÔöÇÔöÇÔöÇÔöÇÔöÇÔöÇÔöÇÔöÇÔöÇÔöÇÔöÇÔöÇÔöÇÔöÇÔöÇÔöÇÔöÇÔöÇÔöÇÔöÇÔöÇÔöÇÔöÇÔöÇÔöÇÔöÇÔöÇÔöÇÔöÇÔöÇÔöÇÔöÇÔöÇÔöÇÔöÇÔöÇÔöÇÔöÇÔöÇÔöÇÔöÇÔöÇÔöÇÔöÇÔöÇÔöÇÔöÇÔöÇÔöÇÔöÇÔöÇÔöÇÔöÇÔöÇÔöÇÔöÇÔöÇÔöÇÔöÇÔöÇ

  8) [chrome] ÔÇ║ tests\e2e\dashboard-detailed.spec.ts:357:3 ÔÇ║ Dashboard - Upload de Imagens ÔÇ║ deve exibir campo de upload de imagem de capa 

    Error: [2mexpect([22m[31mreceived[39m[2m).[22mtoBe[2m([22m[32mexpected[39m[2m) // Object.is equality[22m

    Expected: [32mtrue[39m
    Received: [31mfalse[39m

      399 |     expect(
      400 |       inputVisible || fieldVisible || urlFieldVisible || formLoaded
    > 401 |     ).toBe(true);
          |       ^
      402 |   });
      403 |
      404 |   test('deve permitir preencher URL de imagem de capa', async ({ page }) => {
        at C:\Desenvolvimento\rainer-portfolio-frontend\tests\e2e\dashboard-detailed.spec.ts:401:7

    attachment #1: screenshot (image/png) ÔöÇÔöÇÔöÇÔöÇÔöÇÔöÇÔöÇÔöÇÔöÇÔöÇÔöÇÔöÇÔöÇÔöÇÔöÇÔöÇÔöÇÔöÇÔöÇÔöÇÔöÇÔöÇÔöÇÔöÇÔöÇÔöÇÔöÇÔöÇÔöÇÔöÇÔöÇÔöÇÔöÇÔöÇÔöÇÔöÇÔöÇÔöÇÔöÇÔöÇÔöÇÔöÇÔöÇÔöÇÔöÇÔöÇÔöÇÔöÇÔöÇÔöÇÔöÇÔöÇÔöÇÔöÇÔöÇÔöÇÔöÇÔöÇ
    test-results\dashboard-detailed-Dashboa-6de18-de-upload-de-imagem-de-capa-chrome\test-failed-1.png
    ÔöÇÔöÇÔöÇÔöÇÔöÇÔöÇÔöÇÔöÇÔöÇÔöÇÔöÇÔöÇÔöÇÔöÇÔöÇÔöÇÔöÇÔöÇÔöÇÔöÇÔöÇÔöÇÔöÇÔöÇÔöÇÔöÇÔöÇÔöÇÔöÇÔöÇÔöÇÔöÇÔöÇÔöÇÔöÇÔöÇÔöÇÔöÇÔöÇÔöÇÔöÇÔöÇÔöÇÔöÇÔöÇÔöÇÔöÇÔöÇÔöÇÔöÇÔöÇÔöÇÔöÇÔöÇÔöÇÔöÇÔöÇÔöÇÔöÇÔöÇÔöÇÔöÇÔöÇÔöÇÔöÇÔöÇÔöÇÔöÇÔöÇÔöÇÔöÇÔöÇÔöÇÔöÇÔöÇÔöÇÔöÇÔöÇÔöÇÔöÇÔöÇÔöÇÔöÇÔöÇÔöÇÔöÇÔöÇÔöÇÔöÇÔöÇÔöÇÔöÇÔöÇÔöÇÔöÇÔöÇ

    attachment #2: video (video/webm) ÔöÇÔöÇÔöÇÔöÇÔöÇÔöÇÔöÇÔöÇÔöÇÔöÇÔöÇÔöÇÔöÇÔöÇÔöÇÔöÇÔöÇÔöÇÔöÇÔöÇÔöÇÔöÇÔöÇÔöÇÔöÇÔöÇÔöÇÔöÇÔöÇÔöÇÔöÇÔöÇÔöÇÔöÇÔöÇÔöÇÔöÇÔöÇÔöÇÔöÇÔöÇÔöÇÔöÇÔöÇÔöÇÔöÇÔöÇÔöÇÔöÇÔöÇÔöÇÔöÇÔöÇÔöÇÔöÇÔöÇÔöÇÔöÇÔöÇÔöÇÔöÇÔöÇ
    test-results\dashboard-detailed-Dashboa-6de18-de-upload-de-imagem-de-capa-chrome\video.webm
    ÔöÇÔöÇÔöÇÔöÇÔöÇÔöÇÔöÇÔöÇÔöÇÔöÇÔöÇÔöÇÔöÇÔöÇÔöÇÔöÇÔöÇÔöÇÔöÇÔöÇÔöÇÔöÇÔöÇÔöÇÔöÇÔöÇÔöÇÔöÇÔöÇÔöÇÔöÇÔöÇÔöÇÔöÇÔöÇÔöÇÔöÇÔöÇÔöÇÔöÇÔöÇÔöÇÔöÇÔöÇÔöÇÔöÇÔöÇÔöÇÔöÇÔöÇÔöÇÔöÇÔöÇÔöÇÔöÇÔöÇÔöÇÔöÇÔöÇÔöÇÔöÇÔöÇÔöÇÔöÇÔöÇÔöÇÔöÇÔöÇÔöÇÔöÇÔöÇÔöÇÔöÇÔöÇÔöÇÔöÇÔöÇÔöÇÔöÇÔöÇÔöÇÔöÇÔöÇÔöÇÔöÇÔöÇÔöÇÔöÇÔöÇÔöÇÔöÇÔöÇÔöÇÔöÇÔöÇÔöÇ

    Error Context: test-results\dashboard-detailed-Dashboa-6de18-de-upload-de-imagem-de-capa-chrome\error-context.md

    attachment #4: trace (application/zip) ÔöÇÔöÇÔöÇÔöÇÔöÇÔöÇÔöÇÔöÇÔöÇÔöÇÔöÇÔöÇÔöÇÔöÇÔöÇÔöÇÔöÇÔöÇÔöÇÔöÇÔöÇÔöÇÔöÇÔöÇÔöÇÔöÇÔöÇÔöÇÔöÇÔöÇÔöÇÔöÇÔöÇÔöÇÔöÇÔöÇÔöÇÔöÇÔöÇÔöÇÔöÇÔöÇÔöÇÔöÇÔöÇÔöÇÔöÇÔöÇÔöÇÔöÇÔöÇÔöÇÔöÇÔöÇÔöÇÔöÇÔöÇ
    test-results\dashboard-detailed-Dashboa-6de18-de-upload-de-imagem-de-capa-chrome\trace.zip
    Usage:

        npx playwright show-trace test-results\dashboard-detailed-Dashboa-6de18-de-upload-de-imagem-de-capa-chrome\trace.zip

    ÔöÇÔöÇÔöÇÔöÇÔöÇÔöÇÔöÇÔöÇÔöÇÔöÇÔöÇÔöÇÔöÇÔöÇÔöÇÔöÇÔöÇÔöÇÔöÇÔöÇÔöÇÔöÇÔöÇÔöÇÔöÇÔöÇÔöÇÔöÇÔöÇÔöÇÔöÇÔöÇÔöÇÔöÇÔöÇÔöÇÔöÇÔöÇÔöÇÔöÇÔöÇÔöÇÔöÇÔöÇÔöÇÔöÇÔöÇÔöÇÔöÇÔöÇÔöÇÔöÇÔöÇÔöÇÔöÇÔöÇÔöÇÔöÇÔöÇÔöÇÔöÇÔöÇÔöÇÔöÇÔöÇÔöÇÔöÇÔöÇÔöÇÔöÇÔöÇÔöÇÔöÇÔöÇÔöÇÔöÇÔöÇÔöÇÔöÇÔöÇÔöÇÔöÇÔöÇÔöÇÔöÇÔöÇÔöÇÔöÇÔöÇÔöÇÔöÇÔöÇÔöÇÔöÇÔöÇÔöÇ

  9) [chrome] ÔÇ║ tests\e2e\dashboard-detailed.spec.ts:404:3 ÔÇ║ Dashboard - Upload de Imagens ÔÇ║ deve permitir preencher URL de imagem de capa 

    TimeoutError: page.goto: Timeout 30000ms exceeded.
    Call log:
    [2m  - navigating to "http://localhost:3000/dashboard?mode=new", waiting until "load"[22m


      403 |
      404 |   test('deve permitir preencher URL de imagem de capa', async ({ page }) => {
    > 405 |     await page.goto('/dashboard?mode=new');
          |                ^
      406 |     await page.waitForLoadState('networkidle');
      407 |
      408 |     const imageField = page
        at C:\Desenvolvimento\rainer-portfolio-frontend\tests\e2e\dashboard-detailed.spec.ts:405:16

    attachment #1: video (video/webm) ÔöÇÔöÇÔöÇÔöÇÔöÇÔöÇÔöÇÔöÇÔöÇÔöÇÔöÇÔöÇÔöÇÔöÇÔöÇÔöÇÔöÇÔöÇÔöÇÔöÇÔöÇÔöÇÔöÇÔöÇÔöÇÔöÇÔöÇÔöÇÔöÇÔöÇÔöÇÔöÇÔöÇÔöÇÔöÇÔöÇÔöÇÔöÇÔöÇÔöÇÔöÇÔöÇÔöÇÔöÇÔöÇÔöÇÔöÇÔöÇÔöÇÔöÇÔöÇÔöÇÔöÇÔöÇÔöÇÔöÇÔöÇÔöÇÔöÇÔöÇÔöÇÔöÇ
    test-results\dashboard-detailed-Dashboa-96e27-ncher-URL-de-imagem-de-capa-chrome\video.webm
    ÔöÇÔöÇÔöÇÔöÇÔöÇÔöÇÔöÇÔöÇÔöÇÔöÇÔöÇÔöÇÔöÇÔöÇÔöÇÔöÇÔöÇÔöÇÔöÇÔöÇÔöÇÔöÇÔöÇÔöÇÔöÇÔöÇÔöÇÔöÇÔöÇÔöÇÔöÇÔöÇÔöÇÔöÇÔöÇÔöÇÔöÇÔöÇÔöÇÔöÇÔöÇÔöÇÔöÇÔöÇÔöÇÔöÇÔöÇÔöÇÔöÇÔöÇÔöÇÔöÇÔöÇÔöÇÔöÇÔöÇÔöÇÔöÇÔöÇÔöÇÔöÇÔöÇÔöÇÔöÇÔöÇÔöÇÔöÇÔöÇÔöÇÔöÇÔöÇÔöÇÔöÇÔöÇÔöÇÔöÇÔöÇÔöÇÔöÇÔöÇÔöÇÔöÇÔöÇÔöÇÔöÇÔöÇÔöÇÔöÇÔöÇÔöÇÔöÇÔöÇÔöÇÔöÇÔöÇÔöÇ

    Error Context: test-results\dashboard-detailed-Dashboa-96e27-ncher-URL-de-imagem-de-capa-chrome\error-context.md

    attachment #3: trace (application/zip) ÔöÇÔöÇÔöÇÔöÇÔöÇÔöÇÔöÇÔöÇÔöÇÔöÇÔöÇÔöÇÔöÇÔöÇÔöÇÔöÇÔöÇÔöÇÔöÇÔöÇÔöÇÔöÇÔöÇÔöÇÔöÇÔöÇÔöÇÔöÇÔöÇÔöÇÔöÇÔöÇÔöÇÔöÇÔöÇÔöÇÔöÇÔöÇÔöÇÔöÇÔöÇÔöÇÔöÇÔöÇÔöÇÔöÇÔöÇÔöÇÔöÇÔöÇÔöÇÔöÇÔöÇÔöÇÔöÇÔöÇÔöÇ
    test-results\dashboard-detailed-Dashboa-96e27-ncher-URL-de-imagem-de-capa-chrome\trace.zip
    Usage:

        npx playwright show-trace test-results\dashboard-detailed-Dashboa-96e27-ncher-URL-de-imagem-de-capa-chrome\trace.zip

    ÔöÇÔöÇÔöÇÔöÇÔöÇÔöÇÔöÇÔöÇÔöÇÔöÇÔöÇÔöÇÔöÇÔöÇÔöÇÔöÇÔöÇÔöÇÔöÇÔöÇÔöÇÔöÇÔöÇÔöÇÔöÇÔöÇÔöÇÔöÇÔöÇÔöÇÔöÇÔöÇÔöÇÔöÇÔöÇÔöÇÔöÇÔöÇÔöÇÔöÇÔöÇÔöÇÔöÇÔöÇÔöÇÔöÇÔöÇÔöÇÔöÇÔöÇÔöÇÔöÇÔöÇÔöÇÔöÇÔöÇÔöÇÔöÇÔöÇÔöÇÔöÇÔöÇÔöÇÔöÇÔöÇÔöÇÔöÇÔöÇÔöÇÔöÇÔöÇÔöÇÔöÇÔöÇÔöÇÔöÇÔöÇÔöÇÔöÇÔöÇÔöÇÔöÇÔöÇÔöÇÔöÇÔöÇÔöÇÔöÇÔöÇÔöÇÔöÇÔöÇÔöÇÔöÇÔöÇÔöÇ

  10) [chrome] ÔÇ║ tests\e2e\dashboard-detailed.spec.ts:423:3 ÔÇ║ Dashboard - Configura├º├Áes de Post ÔÇ║ deve permitir alterar status do post 

    TimeoutError: page.goto: Timeout 30000ms exceeded.
    Call log:
    [2m  - navigating to "http://localhost:3000/dashboard?mode=new", waiting until "load"[22m


      422 | test.describe('Dashboard - Configura├º├Áes de Post', () => {
      423 |   test('deve permitir alterar status do post', async ({ page }) => {
    > 424 |     await page.goto('/dashboard?mode=new');
          |                ^
      425 |     await page.waitForLoadState('networkidle');
      426 |
      427 |     // Procurar select ou checkbox de status
        at C:\Desenvolvimento\rainer-portfolio-frontend\tests\e2e\dashboard-detailed.spec.ts:424:16

    attachment #1: video (video/webm) ÔöÇÔöÇÔöÇÔöÇÔöÇÔöÇÔöÇÔöÇÔöÇÔöÇÔöÇÔöÇÔöÇÔöÇÔöÇÔöÇÔöÇÔöÇÔöÇÔöÇÔöÇÔöÇÔöÇÔöÇÔöÇÔöÇÔöÇÔöÇÔöÇÔöÇÔöÇÔöÇÔöÇÔöÇÔöÇÔöÇÔöÇÔöÇÔöÇÔöÇÔöÇÔöÇÔöÇÔöÇÔöÇÔöÇÔöÇÔöÇÔöÇÔöÇÔöÇÔöÇÔöÇÔöÇÔöÇÔöÇÔöÇÔöÇÔöÇÔöÇÔöÇÔöÇ
    test-results\dashboard-detailed-Dashboa-b192a-itir-alterar-status-do-post-chrome\video.webm
    ÔöÇÔöÇÔöÇÔöÇÔöÇÔöÇÔöÇÔöÇÔöÇÔöÇÔöÇÔöÇÔöÇÔöÇÔöÇÔöÇÔöÇÔöÇÔöÇÔöÇÔöÇÔöÇÔöÇÔöÇÔöÇÔöÇÔöÇÔöÇÔöÇÔöÇÔöÇÔöÇÔöÇÔöÇÔöÇÔöÇÔöÇÔöÇÔöÇÔöÇÔöÇÔöÇÔöÇÔöÇÔöÇÔöÇÔöÇÔöÇÔöÇÔöÇÔöÇÔöÇÔöÇÔöÇÔöÇÔöÇÔöÇÔöÇÔöÇÔöÇÔöÇÔöÇÔöÇÔöÇÔöÇÔöÇÔöÇÔöÇÔöÇÔöÇÔöÇÔöÇÔöÇÔöÇÔöÇÔöÇÔöÇÔöÇÔöÇÔöÇÔöÇÔöÇÔöÇÔöÇÔöÇÔöÇÔöÇÔöÇÔöÇÔöÇÔöÇÔöÇÔöÇÔöÇÔöÇÔöÇ

    Error Context: test-results\dashboard-detailed-Dashboa-b192a-itir-alterar-status-do-post-chrome\error-context.md

    attachment #3: trace (application/zip) ÔöÇÔöÇÔöÇÔöÇÔöÇÔöÇÔöÇÔöÇÔöÇÔöÇÔöÇÔöÇÔöÇÔöÇÔöÇÔöÇÔöÇÔöÇÔöÇÔöÇÔöÇÔöÇÔöÇÔöÇÔöÇÔöÇÔöÇÔöÇÔöÇÔöÇÔöÇÔöÇÔöÇÔöÇÔöÇÔöÇÔöÇÔöÇÔöÇÔöÇÔöÇÔöÇÔöÇÔöÇÔöÇÔöÇÔöÇÔöÇÔöÇÔöÇÔöÇÔöÇÔöÇÔöÇÔöÇÔöÇÔöÇ
    test-results\dashboard-detailed-Dashboa-b192a-itir-alterar-status-do-post-chrome\trace.zip
    Usage:

        npx playwright show-trace test-results\dashboard-detailed-Dashboa-b192a-itir-alterar-status-do-post-chrome\trace.zip

    ÔöÇÔöÇÔöÇÔöÇÔöÇÔöÇÔöÇÔöÇÔöÇÔöÇÔöÇÔöÇÔöÇÔöÇÔöÇÔöÇÔöÇÔöÇÔöÇÔöÇÔöÇÔöÇÔöÇÔöÇÔöÇÔöÇÔöÇÔöÇÔöÇÔöÇÔöÇÔöÇÔöÇÔöÇÔöÇÔöÇÔöÇÔöÇÔöÇÔöÇÔöÇÔöÇÔöÇÔöÇÔöÇÔöÇÔöÇÔöÇÔöÇÔöÇÔöÇÔöÇÔöÇÔöÇÔöÇÔöÇÔöÇÔöÇÔöÇÔöÇÔöÇÔöÇÔöÇÔöÇÔöÇÔöÇÔöÇÔöÇÔöÇÔöÇÔöÇÔöÇÔöÇÔöÇÔöÇÔöÇÔöÇÔöÇÔöÇÔöÇÔöÇÔöÇÔöÇÔöÇÔöÇÔöÇÔöÇÔöÇÔöÇÔöÇÔöÇÔöÇÔöÇÔöÇÔöÇÔöÇ

  11) [chrome] ÔÇ║ tests\e2e\dashboard-detailed.spec.ts:457:3 ÔÇ║ Dashboard - Configura├º├Áes de Post ÔÇ║ deve permitir marcar post como featured 

    TimeoutError: page.goto: Timeout 30000ms exceeded.
    Call log:
    [2m  - navigating to "http://localhost:3000/dashboard?mode=new", waiting until "load"[22m


      456 |
      457 |   test('deve permitir marcar post como featured', async ({ page }) => {
    > 458 |     await page.goto('/dashboard?mode=new');
          |                ^
      459 |     await page.waitForLoadState('networkidle');
      460 |
      461 |     const featuredCheckbox = page
        at C:\Desenvolvimento\rainer-portfolio-frontend\tests\e2e\dashboard-detailed.spec.ts:458:16

    attachment #1: video (video/webm) ÔöÇÔöÇÔöÇÔöÇÔöÇÔöÇÔöÇÔöÇÔöÇÔöÇÔöÇÔöÇÔöÇÔöÇÔöÇÔöÇÔöÇÔöÇÔöÇÔöÇÔöÇÔöÇÔöÇÔöÇÔöÇÔöÇÔöÇÔöÇÔöÇÔöÇÔöÇÔöÇÔöÇÔöÇÔöÇÔöÇÔöÇÔöÇÔöÇÔöÇÔöÇÔöÇÔöÇÔöÇÔöÇÔöÇÔöÇÔöÇÔöÇÔöÇÔöÇÔöÇÔöÇÔöÇÔöÇÔöÇÔöÇÔöÇÔöÇÔöÇÔöÇÔöÇ
    test-results\dashboard-detailed-Dashboa-86816-r-marcar-post-como-featured-chrome\video.webm
    ÔöÇÔöÇÔöÇÔöÇÔöÇÔöÇÔöÇÔöÇÔöÇÔöÇÔöÇÔöÇÔöÇÔöÇÔöÇÔöÇÔöÇÔöÇÔöÇÔöÇÔöÇÔöÇÔöÇÔöÇÔöÇÔöÇÔöÇÔöÇÔöÇÔöÇÔöÇÔöÇÔöÇÔöÇÔöÇÔöÇÔöÇÔöÇÔöÇÔöÇÔöÇÔöÇÔöÇÔöÇÔöÇÔöÇÔöÇÔöÇÔöÇÔöÇÔöÇÔöÇÔöÇÔöÇÔöÇÔöÇÔöÇÔöÇÔöÇÔöÇÔöÇÔöÇÔöÇÔöÇÔöÇÔöÇÔöÇÔöÇÔöÇÔöÇÔöÇÔöÇÔöÇÔöÇÔöÇÔöÇÔöÇÔöÇÔöÇÔöÇÔöÇÔöÇÔöÇÔöÇÔöÇÔöÇÔöÇÔöÇÔöÇÔöÇÔöÇÔöÇÔöÇÔöÇÔöÇÔöÇ

    Error Context: test-results\dashboard-detailed-Dashboa-86816-r-marcar-post-como-featured-chrome\error-context.md

    attachment #3: trace (application/zip) ÔöÇÔöÇÔöÇÔöÇÔöÇÔöÇÔöÇÔöÇÔöÇÔöÇÔöÇÔöÇÔöÇÔöÇÔöÇÔöÇÔöÇÔöÇÔöÇÔöÇÔöÇÔöÇÔöÇÔöÇÔöÇÔöÇÔöÇÔöÇÔöÇÔöÇÔöÇÔöÇÔöÇÔöÇÔöÇÔöÇÔöÇÔöÇÔöÇÔöÇÔöÇÔöÇÔöÇÔöÇÔöÇÔöÇÔöÇÔöÇÔöÇÔöÇÔöÇÔöÇÔöÇÔöÇÔöÇÔöÇÔöÇ
    test-results\dashboard-detailed-Dashboa-86816-r-marcar-post-como-featured-chrome\trace.zip
    Usage:

        npx playwright show-trace test-results\dashboard-detailed-Dashboa-86816-r-marcar-post-como-featured-chrome\trace.zip

    ÔöÇÔöÇÔöÇÔöÇÔöÇÔöÇÔöÇÔöÇÔöÇÔöÇÔöÇÔöÇÔöÇÔöÇÔöÇÔöÇÔöÇÔöÇÔöÇÔöÇÔöÇÔöÇÔöÇÔöÇÔöÇÔöÇÔöÇÔöÇÔöÇÔöÇÔöÇÔöÇÔöÇÔöÇÔöÇÔöÇÔöÇÔöÇÔöÇÔöÇÔöÇÔöÇÔöÇÔöÇÔöÇÔöÇÔöÇÔöÇÔöÇÔöÇÔöÇÔöÇÔöÇÔöÇÔöÇÔöÇÔöÇÔöÇÔöÇÔöÇÔöÇÔöÇÔöÇÔöÇÔöÇÔöÇÔöÇÔöÇÔöÇÔöÇÔöÇÔöÇÔöÇÔöÇÔöÇÔöÇÔöÇÔöÇÔöÇÔöÇÔöÇÔöÇÔöÇÔöÇÔöÇÔöÇÔöÇÔöÇÔöÇÔöÇÔöÇÔöÇÔöÇÔöÇÔöÇÔöÇ

  12) [chrome] ÔÇ║ tests\e2e\dashboard-detailed.spec.ts:574:3 ÔÇ║ Dashboard - Valida├º├úo de Formul├írio ÔÇ║ deve validar campos obrigat├│rios ao salvar 

    TimeoutError: page.goto: Timeout 30000ms exceeded.
    Call log:
    [2m  - navigating to "http://localhost:3000/dashboard?mode=new", waiting until "load"[22m


      573 | test.describe('Dashboard - Valida├º├úo de Formul├írio', () => {
      574 |   test('deve validar campos obrigat├│rios ao salvar', async ({ page }) => {
    > 575 |     await page.goto('/dashboard?mode=new');
          |                ^
      576 |     await page.waitForLoadState('networkidle');
      577 |
      578 |     // Procurar bot├úo de salvar
        at C:\Desenvolvimento\rainer-portfolio-frontend\tests\e2e\dashboard-detailed.spec.ts:575:16

    attachment #1: video (video/webm) ÔöÇÔöÇÔöÇÔöÇÔöÇÔöÇÔöÇÔöÇÔöÇÔöÇÔöÇÔöÇÔöÇÔöÇÔöÇÔöÇÔöÇÔöÇÔöÇÔöÇÔöÇÔöÇÔöÇÔöÇÔöÇÔöÇÔöÇÔöÇÔöÇÔöÇÔöÇÔöÇÔöÇÔöÇÔöÇÔöÇÔöÇÔöÇÔöÇÔöÇÔöÇÔöÇÔöÇÔöÇÔöÇÔöÇÔöÇÔöÇÔöÇÔöÇÔöÇÔöÇÔöÇÔöÇÔöÇÔöÇÔöÇÔöÇÔöÇÔöÇÔöÇÔöÇ
    test-results\dashboard-detailed-Dashboa-4aa5a-mpos-obrigat├│rios-ao-salvar-chrome\video.webm
    ÔöÇÔöÇÔöÇÔöÇÔöÇÔöÇÔöÇÔöÇÔöÇÔöÇÔöÇÔöÇÔöÇÔöÇÔöÇÔöÇÔöÇÔöÇÔöÇÔöÇÔöÇÔöÇÔöÇÔöÇÔöÇÔöÇÔöÇÔöÇÔöÇÔöÇÔöÇÔöÇÔöÇÔöÇÔöÇÔöÇÔöÇÔöÇÔöÇÔöÇÔöÇÔöÇÔöÇÔöÇÔöÇÔöÇÔöÇÔöÇÔöÇÔöÇÔöÇÔöÇÔöÇÔöÇÔöÇÔöÇÔöÇÔöÇÔöÇÔöÇÔöÇÔöÇÔöÇÔöÇÔöÇÔöÇÔöÇÔöÇÔöÇÔöÇÔöÇÔöÇÔöÇÔöÇÔöÇÔöÇÔöÇÔöÇÔöÇÔöÇÔöÇÔöÇÔöÇÔöÇÔöÇÔöÇÔöÇÔöÇÔöÇÔöÇÔöÇÔöÇÔöÇÔöÇÔöÇÔöÇ

    attachment #2: trace (application/zip) ÔöÇÔöÇÔöÇÔöÇÔöÇÔöÇÔöÇÔöÇÔöÇÔöÇÔöÇÔöÇÔöÇÔöÇÔöÇÔöÇÔöÇÔöÇÔöÇÔöÇÔöÇÔöÇÔöÇÔöÇÔöÇÔöÇÔöÇÔöÇÔöÇÔöÇÔöÇÔöÇÔöÇÔöÇÔöÇÔöÇÔöÇÔöÇÔöÇÔöÇÔöÇÔöÇÔöÇÔöÇÔöÇÔöÇÔöÇÔöÇÔöÇÔöÇÔöÇÔöÇÔöÇÔöÇÔöÇÔöÇÔöÇ
    test-results\dashboard-detailed-Dashboa-4aa5a-mpos-obrigat├│rios-ao-salvar-chrome\trace.zip
    Usage:

        npx playwright show-trace test-results\dashboard-detailed-Dashboa-4aa5a-mpos-obrigat├│rios-ao-salvar-chrome\trace.zip

    ÔöÇÔöÇÔöÇÔöÇÔöÇÔöÇÔöÇÔöÇÔöÇÔöÇÔöÇÔöÇÔöÇÔöÇÔöÇÔöÇÔöÇÔöÇÔöÇÔöÇÔöÇÔöÇÔöÇÔöÇÔöÇÔöÇÔöÇÔöÇÔöÇÔöÇÔöÇÔöÇÔöÇÔöÇÔöÇÔöÇÔöÇÔöÇÔöÇÔöÇÔöÇÔöÇÔöÇÔöÇÔöÇÔöÇÔöÇÔöÇÔöÇÔöÇÔöÇÔöÇÔöÇÔöÇÔöÇÔöÇÔöÇÔöÇÔöÇÔöÇÔöÇÔöÇÔöÇÔöÇÔöÇÔöÇÔöÇÔöÇÔöÇÔöÇÔöÇÔöÇÔöÇÔöÇÔöÇÔöÇÔöÇÔöÇÔöÇÔöÇÔöÇÔöÇÔöÇÔöÇÔöÇÔöÇÔöÇÔöÇÔöÇÔöÇÔöÇÔöÇÔöÇÔöÇÔöÇÔöÇ

  12 failed
    [chrome] ÔÇ║ tests\e2e\dashboard-detailed.spec.ts:22:3 ÔÇ║ Dashboard - Cria├º├úo de Post ÔÇ║ deve abrir formul├írio de cria├º├úo de post 
    [chrome] ÔÇ║ tests\e2e\dashboard-detailed.spec.ts:100:3 ÔÇ║ Dashboard - Cria├º├úo de Post ÔÇ║ deve preencher campos b├ísicos do post 
    [chrome] ÔÇ║ tests\e2e\dashboard-detailed.spec.ts:132:3 ÔÇ║ Dashboard - Cria├º├úo de Post ÔÇ║ deve permitir preencher excerpt 
    [chrome] ÔÇ║ tests\e2e\dashboard-detailed.spec.ts:149:3 ÔÇ║ Dashboard - Cria├º├úo de Post ÔÇ║ deve permitir selecionar categoria 
    [chrome] ÔÇ║ tests\e2e\dashboard-detailed.spec.ts:176:3 ÔÇ║ Dashboard - Cria├º├úo de Post ÔÇ║ deve permitir preencher conte├║do do post 
    [chrome] ÔÇ║ tests\e2e\dashboard-detailed.spec.ts:203:3 ÔÇ║ Dashboard - Cria├º├úo de Post ÔÇ║ deve exibir preview em tempo real 
    [chrome] ÔÇ║ tests\e2e\dashboard-detailed.spec.ts:320:3 ÔÇ║ Dashboard - Edi├º├úo de Post ÔÇ║ deve permitir editar t├¡tulo do post 
    [chrome] ÔÇ║ tests\e2e\dashboard-detailed.spec.ts:357:3 ÔÇ║ Dashboard - Upload de Imagens ÔÇ║ deve exibir campo de upload de imagem de capa 
    [chrome] ÔÇ║ tests\e2e\dashboard-detailed.spec.ts:404:3 ÔÇ║ Dashboard - Upload de Imagens ÔÇ║ deve permitir preencher URL de imagem de capa 
    [chrome] ÔÇ║ tests\e2e\dashboard-detailed.spec.ts:423:3 ÔÇ║ Dashboard - Configura├º├Áes de Post ÔÇ║ deve permitir alterar status do post 
    [chrome] ÔÇ║ tests\e2e\dashboard-detailed.spec.ts:457:3 ÔÇ║ Dashboard - Configura├º├Áes de Post ÔÇ║ deve permitir marcar post como featured 
    [chrome] ÔÇ║ tests\e2e\dashboard-detailed.spec.ts:574:3 ÔÇ║ Dashboard - Valida├º├úo de Formul├írio ÔÇ║ deve validar campos obrigat├│rios ao salvar 
  5 passed (5.1m)
